// Jest Snapshot v1, https://goo.gl/fbAQLP

exports[`Search results renders correctly 1`] = `
<DocumentFragment>
  <div
    class="all-images"
  >
    <img
      alt="spaceImage"
      class="card-image"
      src="test1"
    />
    <img
      alt="spaceImage"
      class="card-image"
      src="test2"
    />
  </div>
</DocumentFragment>
`;
